I'm sorry, but errors were detected in your script. Please correct the
errors listed below, and try again.


File "game/script.rpy", line 6: expected statement.
    config.debug_sound = True
                       ^

Ren'Py Version: Ren'Py 7.4.8.1895
Wed Aug 11 15:34:04 2021
